// Jest Snapshot v1, https://goo.gl/fbAQLP

exports[`should match snapshot 1`] = `
<DocumentFragment>
  <input
    class="form-check-input"
    id="undefined"
    name="undefined"
    type="checkbox"
    value=""
  />
</DocumentFragment>
`;
